// Jest Snapshot v1, https://goo.gl/fbAQLP

exports[`renders correctly colum of five dark  1`] = `
[
  <style>
    
          .no-scrollbar {
            -ms-overflow-style: none;
            scrollbar-width: none;
          }

          .no-scrollbar::-webkit-scrollbar {
            display: none;
          }
        
  </style>,
  <section
    className="MuiBox-root css-1rcu9g9"
  >
    <div
      className="MuiContainer-root MuiContainer-maxWidthLg MuiContainer-disableGutters css-1p4tas-MuiContainer-root"
    >
      <div
        className="MuiGrid-root MuiGrid-container css-11lq3yg-MuiGrid-root"
      >
        <div
          className="MuiStack-root css-1nxt8ft-MuiStack-root"
        >
          <div
            className="MuiStack-root css-1ywhqi8-MuiStack-root"
          >
            <span
              className="MuiTypography-root MuiTypography-overline css-1syqjkp-MuiTypography-root"
            >
              PER I CITTADINI
            </span>
            <h4
              className="MuiTypography-root MuiTypography-h4 css-1s9j31j-MuiTypography-root"
            >
              Non perderti più nessuna notifica
            </h4>
          </div>
          <div
            className="MuiStack-root no-scrollbar css-1t2u4xv-MuiStack-root"
          >
            <div
              className="MuiBox-root css-6vwtel"
            >
              <span
                className="MuiTypography-root MuiTypography-sidenav css-8i7g3z-MuiTypography-root"
              >
                Lorem Ipsum dolo sit amet
              </span>
            </div>
            <div
              className="MuiStack-root css-orugj9-MuiStack-root"
            >
              <div
                className="MuiPaper-root MuiPaper-elevation MuiPaper-rounded MuiPaper-elevation16 MuiCard-root kpi-slide css-1sp12f3-MuiPaper-root-MuiCard-root"
                id="kpi-1"
              >
                <p
                  className="MuiTypography-root MuiTypography-body1 css-14gdbdq-MuiTypography-root"
                >
                  <svg
                    aria-hidden={true}
                    className="MuiSvgIcon-root MuiSvgIcon-fontSizeMedium css-i4bv87-MuiSvgIcon-root"
                    data-testid="AllInclusiveIcon"
                    focusable="false"
                    viewBox="0 0 24 24"
                  >
                    <path
                      d="M18.6 6.62c-1.44 0-2.8.56-3.77 1.53L12 10.66 10.48 12h.01L7.8 14.39c-.64.64-1.49.99-2.4.99-1.87 0-3.39-1.51-3.39-3.38S3.53 8.62 5.4 8.62c.91 0 1.76.35 2.44 1.03l1.13 1 1.51-1.34L9.22 8.2C8.2 7.18 6.84 6.62 5.4 6.62 2.42 6.62 0 9.04 0 12s2.42 5.38 5.4 5.38c1.44 0 2.8-.56 3.77-1.53l2.83-2.5.01.01L13.52 12h-.01l2.69-2.39c.64-.64 1.49-.99 2.4-.99 1.87 0 3.39 1.51 3.39 3.38s-1.52 3.38-3.39 3.38c-.9 0-1.76-.35-2.44-1.03l-1.14-1.01-1.51 1.34 1.27 1.12c1.02 1.01 2.37 1.57 3.82 1.57 2.98 0 5.4-2.41 5.4-5.38s-2.42-5.37-5.4-5.37z"
                    />
                  </svg>
                </p>
                <h4
                  className="MuiTypography-root MuiTypography-h4 css-wz9of0-MuiTypography-root"
                >
                  30000
                </h4>
                <span
                  className="MuiTypography-root MuiTypography-caption-semibold css-jab4h0-MuiTypography-root"
                >
                  strawberry fields
                </span>
              </div>
              <div
                className="MuiPaper-root MuiPaper-elevation MuiPaper-rounded MuiPaper-elevation16 MuiCard-root kpi-slide css-1sp12f3-MuiPaper-root-MuiCard-root"
                id="kpi-2"
              >
                <p
                  className="MuiTypography-root MuiTypography-body1 css-l3ham1-MuiTypography-root"
                >
                  <svg
                    aria-hidden={true}
                    className="MuiSvgIcon-root MuiSvgIcon-fontSizeMedium css-i4bv87-MuiSvgIcon-root"
                    data-testid="HouseboatIcon"
                    focusable="false"
                    viewBox="0 0 24 24"
                  >
                    <path
                      d="M12 16c-1.95 0-2.1 1-3.34 1-1.19 0-1.42-1-3.33-1-1.95 0-2.09 1-3.33 1v2c1.9 0 2.17-1 3.35-1 1.19 0 1.42 1 3.33 1 1.95 0 2.08-1 3.32-1s1.37 1 3.32 1c1.91 0 2.14-1 3.33-1 1.18 0 1.45 1 3.35 1v-2c-1.24 0-1.38-1-3.33-1-1.91 0-2.14 1-3.33 1-1.24 0-1.39-1-3.34-1zm8.34-4.66-1.37 1.37c-.19.18-.45.29-.71.29H17V9.65l1.32.97L19.5 9 12 3.5 4.5 9l1.18 1.61L7 9.65V13H5.74c-.27 0-.52-.11-.71-.29l-1.37-1.37-1.41 1.41 1.37 1.37c.56.56 1.33.88 2.12.88h12.51c.8 0 1.56-.32 2.12-.88l1.37-1.37-1.4-1.41zM13 13h-2v-2h2v2z"
                    />
                  </svg>
                </p>
                <h4
                  className="MuiTypography-root MuiTypography-h4 css-wz9of0-MuiTypography-root"
                >
                  10
                </h4>
                <span
                  className="MuiTypography-root MuiTypography-caption-semibold css-jab4h0-MuiTypography-root"
                >
                  yellow submarines
                </span>
              </div>
              <div
                className="MuiPaper-root MuiPaper-elevation MuiPaper-rounded MuiPaper-elevation16 MuiCard-root kpi-slide css-1sp12f3-MuiPaper-root-MuiCard-root"
                id="kpi-3"
              >
                <p
                  className="MuiTypography-root MuiTypography-body1 css-14gdbdq-MuiTypography-root"
                >
                  <svg
                    aria-hidden={true}
                    className="MuiSvgIcon-root MuiSvgIcon-fontSizeMedium css-i4bv87-MuiSvgIcon-root"
                    data-testid="PieChartIcon"
                    focusable="false"
                    viewBox="0 0 24 24"
                  >
                    <path
                      d="M11 2v20c-5.07-.5-9-4.79-9-10s3.93-9.5 9-10zm2.03 0v8.99H22c-.47-4.74-4.24-8.52-8.97-8.99zm0 11.01V22c4.74-.47 8.5-4.25 8.97-8.99h-8.97z"
                    />
                  </svg>
                </p>
                <h4
                  className="MuiTypography-root MuiTypography-h4 css-wz9of0-MuiTypography-root"
                >
                  100
                </h4>
                <span
                  className="MuiTypography-root MuiTypography-caption-semibold css-jab4h0-MuiTypography-root"
                >
                  honey pies
                </span>
              </div>
              <div
                className="MuiPaper-root MuiPaper-elevation MuiPaper-rounded MuiPaper-elevation16 MuiCard-root kpi-slide css-1sp12f3-MuiPaper-root-MuiCard-root"
                id="kpi-4"
              >
                <p
                  className="MuiTypography-root MuiTypography-body1 css-14gdbdq-MuiTypography-root"
                >
                  <svg
                    aria-hidden={true}
                    className="MuiSvgIcon-root MuiSvgIcon-fontSizeMedium css-i4bv87-MuiSvgIcon-root"
                    data-testid="DiamondIcon"
                    focusable="false"
                    viewBox="0 0 24 24"
                  >
                    <path
                      d="M12.16 3h-.32L9.21 8.25h5.58zm4.3 5.25h5.16L19 3h-5.16zm4.92 1.5h-8.63V20.1zM11.25 20.1V9.75H2.62zM7.54 8.25 10.16 3H5L2.38 8.25z"
                    />
                  </svg>
                </p>
                <h4
                  className="MuiTypography-root MuiTypography-h4 css-wz9of0-MuiTypography-root"
                >
                  532
                </h4>
                <span
                  className="MuiTypography-root MuiTypography-caption-semibold css-jab4h0-MuiTypography-root"
                >
                  diamonds
                </span>
              </div>
              <div
                className="MuiPaper-root MuiPaper-elevation MuiPaper-rounded MuiPaper-elevation16 MuiCard-root kpi-slide css-1sp12f3-MuiPaper-root-MuiCard-root"
                id="kpi-5"
              >
                <p
                  className="MuiTypography-root MuiTypography-body1 css-14gdbdq-MuiTypography-root"
                />
                <h4
                  className="MuiTypography-root MuiTypography-h4 css-wz9of0-MuiTypography-root"
                >
                  0
                </h4>
                <span
                  className="MuiTypography-root MuiTypography-caption-semibold css-jab4h0-MuiTypography-root"
                >
                  lonely people
                </span>
              </div>
            </div>
            <div
              className="MuiStack-root css-18p7mi9-MuiStack-root"
            >
              <div
                className="MuiStack-root css-1bcdyk0-MuiStack-root"
              >
                <div
                  className="MuiBox-root css-1pwnssa"
                  onClick={[Function]}
                />
                <div
                  className="MuiBox-root css-1gqrhl2"
                  onClick={[Function]}
                />
                <div
                  className="MuiBox-root css-1gqrhl2"
                  onClick={[Function]}
                />
                <div
                  className="MuiBox-root css-1gqrhl2"
                  onClick={[Function]}
                />
                <div
                  className="MuiBox-root css-1gqrhl2"
                  onClick={[Function]}
                />
              </div>
            </div>
          </div>
        </div>
      </div>
    </div>
  </section>,
]
`;

exports[`renders correctly colum of five light  1`] = `
[
  <style>
    
          .no-scrollbar {
            -ms-overflow-style: none;
            scrollbar-width: none;
          }

          .no-scrollbar::-webkit-scrollbar {
            display: none;
          }
        
  </style>,
  <section
    className="MuiBox-root css-14tikk5"
  >
    <div
      className="MuiContainer-root MuiContainer-maxWidthLg MuiContainer-disableGutters css-1p4tas-MuiContainer-root"
    >
      <div
        className="MuiGrid-root MuiGrid-container css-11lq3yg-MuiGrid-root"
      >
        <div
          className="MuiStack-root css-1nxt8ft-MuiStack-root"
        >
          <div
            className="MuiStack-root css-1ywhqi8-MuiStack-root"
          >
            <span
              className="MuiTypography-root MuiTypography-overline css-1hbyad5-MuiTypography-root"
            >
              PER I CITTADINI
            </span>
            <h4
              className="MuiTypography-root MuiTypography-h4 css-wz9of0-MuiTypography-root"
            >
              Non perderti più nessuna notifica
            </h4>
          </div>
          <div
            className="MuiStack-root no-scrollbar css-1t2u4xv-MuiStack-root"
          >
            <div
              className="MuiBox-root css-6vwtel"
            >
              <span
                className="MuiTypography-root MuiTypography-sidenav css-qxdyk4-MuiTypography-root"
              >
                Lorem Ipsum dolo sit amet
              </span>
            </div>
            <div
              className="MuiStack-root css-orugj9-MuiStack-root"
            >
              <div
                className="MuiPaper-root MuiPaper-elevation MuiPaper-rounded MuiPaper-elevation16 MuiCard-root kpi-slide css-1sp12f3-MuiPaper-root-MuiCard-root"
                id="kpi-1"
              >
                <p
                  className="MuiTypography-root MuiTypography-body1 css-14gdbdq-MuiTypography-root"
                >
                  <svg
                    aria-hidden={true}
                    className="MuiSvgIcon-root MuiSvgIcon-fontSizeMedium css-i4bv87-MuiSvgIcon-root"
                    data-testid="AllInclusiveIcon"
                    focusable="false"
                    viewBox="0 0 24 24"
                  >
                    <path
                      d="M18.6 6.62c-1.44 0-2.8.56-3.77 1.53L12 10.66 10.48 12h.01L7.8 14.39c-.64.64-1.49.99-2.4.99-1.87 0-3.39-1.51-3.39-3.38S3.53 8.62 5.4 8.62c.91 0 1.76.35 2.44 1.03l1.13 1 1.51-1.34L9.22 8.2C8.2 7.18 6.84 6.62 5.4 6.62 2.42 6.62 0 9.04 0 12s2.42 5.38 5.4 5.38c1.44 0 2.8-.56 3.77-1.53l2.83-2.5.01.01L13.52 12h-.01l2.69-2.39c.64-.64 1.49-.99 2.4-.99 1.87 0 3.39 1.51 3.39 3.38s-1.52 3.38-3.39 3.38c-.9 0-1.76-.35-2.44-1.03l-1.14-1.01-1.51 1.34 1.27 1.12c1.02 1.01 2.37 1.57 3.82 1.57 2.98 0 5.4-2.41 5.4-5.38s-2.42-5.37-5.4-5.37z"
                    />
                  </svg>
                </p>
                <h4
                  className="MuiTypography-root MuiTypography-h4 css-1tg5hpw-MuiTypography-root"
                >
                  30000
                </h4>
                <span
                  className="MuiTypography-root MuiTypography-caption-semibold css-19re0ev-MuiTypography-root"
                >
                  strawberry fields
                </span>
              </div>
              <div
                className="MuiPaper-root MuiPaper-elevation MuiPaper-rounded MuiPaper-elevation16 MuiCard-root kpi-slide css-1sp12f3-MuiPaper-root-MuiCard-root"
                id="kpi-2"
              >
                <p
                  className="MuiTypography-root MuiTypography-body1 css-l3ham1-MuiTypography-root"
                >
                  <svg
                    aria-hidden={true}
                    className="MuiSvgIcon-root MuiSvgIcon-fontSizeMedium css-i4bv87-MuiSvgIcon-root"
                    data-testid="HouseboatIcon"
                    focusable="false"
                    viewBox="0 0 24 24"
                  >
                    <path
                      d="M12 16c-1.95 0-2.1 1-3.34 1-1.19 0-1.42-1-3.33-1-1.95 0-2.09 1-3.33 1v2c1.9 0 2.17-1 3.35-1 1.19 0 1.42 1 3.33 1 1.95 0 2.08-1 3.32-1s1.37 1 3.32 1c1.91 0 2.14-1 3.33-1 1.18 0 1.45 1 3.35 1v-2c-1.24 0-1.38-1-3.33-1-1.91 0-2.14 1-3.33 1-1.24 0-1.39-1-3.34-1zm8.34-4.66-1.37 1.37c-.19.18-.45.29-.71.29H17V9.65l1.32.97L19.5 9 12 3.5 4.5 9l1.18 1.61L7 9.65V13H5.74c-.27 0-.52-.11-.71-.29l-1.37-1.37-1.41 1.41 1.37 1.37c.56.56 1.33.88 2.12.88h12.51c.8 0 1.56-.32 2.12-.88l1.37-1.37-1.4-1.41zM13 13h-2v-2h2v2z"
                    />
                  </svg>
                </p>
                <h4
                  className="MuiTypography-root MuiTypography-h4 css-1tg5hpw-MuiTypography-root"
                >
                  10
                </h4>
                <span
                  className="MuiTypography-root MuiTypography-caption-semibold css-19re0ev-MuiTypography-root"
                >
                  yellow submarines
                </span>
              </div>
              <div
                className="MuiPaper-root MuiPaper-elevation MuiPaper-rounded MuiPaper-elevation16 MuiCard-root kpi-slide css-1sp12f3-MuiPaper-root-MuiCard-root"
                id="kpi-3"
              >
                <p
                  className="MuiTypography-root MuiTypography-body1 css-14gdbdq-MuiTypography-root"
                >
                  <svg
                    aria-hidden={true}
                    className="MuiSvgIcon-root MuiSvgIcon-fontSizeMedium css-i4bv87-MuiSvgIcon-root"
                    data-testid="PieChartIcon"
                    focusable="false"
                    viewBox="0 0 24 24"
                  >
                    <path
                      d="M11 2v20c-5.07-.5-9-4.79-9-10s3.93-9.5 9-10zm2.03 0v8.99H22c-.47-4.74-4.24-8.52-8.97-8.99zm0 11.01V22c4.74-.47 8.5-4.25 8.97-8.99h-8.97z"
                    />
                  </svg>
                </p>
                <h4
                  className="MuiTypography-root MuiTypography-h4 css-1tg5hpw-MuiTypography-root"
                >
                  100
                </h4>
                <span
                  className="MuiTypography-root MuiTypography-caption-semibold css-19re0ev-MuiTypography-root"
                >
                  honey pies
                </span>
              </div>
              <div
                className="MuiPaper-root MuiPaper-elevation MuiPaper-rounded MuiPaper-elevation16 MuiCard-root kpi-slide css-1sp12f3-MuiPaper-root-MuiCard-root"
                id="kpi-4"
              >
                <p
                  className="MuiTypography-root MuiTypography-body1 css-14gdbdq-MuiTypography-root"
                >
                  <svg
                    aria-hidden={true}
                    className="MuiSvgIcon-root MuiSvgIcon-fontSizeMedium css-i4bv87-MuiSvgIcon-root"
                    data-testid="DiamondIcon"
                    focusable="false"
                    viewBox="0 0 24 24"
                  >
                    <path
                      d="M12.16 3h-.32L9.21 8.25h5.58zm4.3 5.25h5.16L19 3h-5.16zm4.92 1.5h-8.63V20.1zM11.25 20.1V9.75H2.62zM7.54 8.25 10.16 3H5L2.38 8.25z"
                    />
                  </svg>
                </p>
                <h4
                  className="MuiTypography-root MuiTypography-h4 css-1tg5hpw-MuiTypography-root"
                >
                  532
                </h4>
                <span
                  className="MuiTypography-root MuiTypography-caption-semibold css-19re0ev-MuiTypography-root"
                >
                  diamonds
                </span>
              </div>
              <div
                className="MuiPaper-root MuiPaper-elevation MuiPaper-rounded MuiPaper-elevation16 MuiCard-root kpi-slide css-1sp12f3-MuiPaper-root-MuiCard-root"
                id="kpi-5"
              >
                <p
                  className="MuiTypography-root MuiTypography-body1 css-14gdbdq-MuiTypography-root"
                />
                <h4
                  className="MuiTypography-root MuiTypography-h4 css-1tg5hpw-MuiTypography-root"
                >
                  0
                </h4>
                <span
                  className="MuiTypography-root MuiTypography-caption-semibold css-19re0ev-MuiTypography-root"
                >
                  lonely people
                </span>
              </div>
            </div>
            <div
              className="MuiStack-root css-18p7mi9-MuiStack-root"
            >
              <div
                className="MuiStack-root css-1bcdyk0-MuiStack-root"
              >
                <div
                  className="MuiBox-root css-1pwnssa"
                  onClick={[Function]}
                />
                <div
                  className="MuiBox-root css-1gqrhl2"
                  onClick={[Function]}
                />
                <div
                  className="MuiBox-root css-1gqrhl2"
                  onClick={[Function]}
                />
                <div
                  className="MuiBox-root css-1gqrhl2"
                  onClick={[Function]}
                />
                <div
                  className="MuiBox-root css-1gqrhl2"
                  onClick={[Function]}
                />
              </div>
            </div>
          </div>
        </div>
      </div>
    </div>
  </section>,
]
`;

exports[`renders correctly column dark  1`] = `
[
  <style>
    
          .no-scrollbar {
            -ms-overflow-style: none;
            scrollbar-width: none;
          }

          .no-scrollbar::-webkit-scrollbar {
            display: none;
          }
        
  </style>,
  <section
    className="MuiBox-root css-1rcu9g9"
  >
    <div
      className="MuiContainer-root MuiContainer-maxWidthLg MuiContainer-disableGutters css-1p4tas-MuiContainer-root"
    >
      <div
        className="MuiGrid-root MuiGrid-container css-11lq3yg-MuiGrid-root"
      >
        <div
          className="MuiStack-root css-1nxt8ft-MuiStack-root"
        >
          <div
            className="MuiStack-root css-1ywhqi8-MuiStack-root"
          >
            <span
              className="MuiTypography-root MuiTypography-overline css-1syqjkp-MuiTypography-root"
            >
              PER I CITTADINI
            </span>
            <h4
              className="MuiTypography-root MuiTypography-h4 css-1s9j31j-MuiTypography-root"
            >
              Non perderti più nessuna notifica
            </h4>
            <p
              className="MuiTypography-root MuiTypography-body2 css-1cl5n3e-MuiTypography-root"
            >
              Con Piattaforma Notifiche, ricevi e gestisci nello stesso spazio tutti gli atti di notifica che ti inviano Enti e Pubbliche Amministrazioni, come multe o certificati elettorali. E, grazie all’integrazione con pagoPA, puoi anche pagare eventuali costi. Così, risparmi tempo e denaro.
            </p>
          </div>
          <div
            className="MuiStack-root no-scrollbar css-1t2u4xv-MuiStack-root"
          >
            <div
              className="MuiBox-root css-6vwtel"
            >
              <span
                className="MuiTypography-root MuiTypography-sidenav css-8i7g3z-MuiTypography-root"
              >
                Lorem Ipsum dolo sit amet
              </span>
            </div>
            <div
              className="MuiStack-root css-orugj9-MuiStack-root"
            >
              <div
                className="MuiPaper-root MuiPaper-elevation MuiPaper-rounded MuiPaper-elevation16 MuiCard-root kpi-slide css-1sp12f3-MuiPaper-root-MuiCard-root"
                id="kpi-1"
              >
                <p
                  className="MuiTypography-root MuiTypography-body1 css-14gdbdq-MuiTypography-root"
                >
                  <svg
                    aria-hidden={true}
                    className="MuiSvgIcon-root MuiSvgIcon-fontSizeMedium css-i4bv87-MuiSvgIcon-root"
                    data-testid="AllInclusiveIcon"
                    focusable="false"
                    viewBox="0 0 24 24"
                  >
                    <path
                      d="M18.6 6.62c-1.44 0-2.8.56-3.77 1.53L12 10.66 10.48 12h.01L7.8 14.39c-.64.64-1.49.99-2.4.99-1.87 0-3.39-1.51-3.39-3.38S3.53 8.62 5.4 8.62c.91 0 1.76.35 2.44 1.03l1.13 1 1.51-1.34L9.22 8.2C8.2 7.18 6.84 6.62 5.4 6.62 2.42 6.62 0 9.04 0 12s2.42 5.38 5.4 5.38c1.44 0 2.8-.56 3.77-1.53l2.83-2.5.01.01L13.52 12h-.01l2.69-2.39c.64-.64 1.49-.99 2.4-.99 1.87 0 3.39 1.51 3.39 3.38s-1.52 3.38-3.39 3.38c-.9 0-1.76-.35-2.44-1.03l-1.14-1.01-1.51 1.34 1.27 1.12c1.02 1.01 2.37 1.57 3.82 1.57 2.98 0 5.4-2.41 5.4-5.38s-2.42-5.37-5.4-5.37z"
                    />
                  </svg>
                </p>
                <h4
                  className="MuiTypography-root MuiTypography-h4 css-wz9of0-MuiTypography-root"
                >
                  30000
                </h4>
                <span
                  className="MuiTypography-root MuiTypography-caption-semibold css-jab4h0-MuiTypography-root"
                >
                  strawberry fields
                </span>
              </div>
              <div
                className="MuiPaper-root MuiPaper-elevation MuiPaper-rounded MuiPaper-elevation16 MuiCard-root kpi-slide css-1sp12f3-MuiPaper-root-MuiCard-root"
                id="kpi-2"
              >
                <p
                  className="MuiTypography-root MuiTypography-body1 css-14gdbdq-MuiTypography-root"
                >
                  <svg
                    aria-hidden={true}
                    className="MuiSvgIcon-root MuiSvgIcon-fontSizeMedium css-i4bv87-MuiSvgIcon-root"
                    data-testid="HouseboatIcon"
                    focusable="false"
                    viewBox="0 0 24 24"
                  >
                    <path
                      d="M12 16c-1.95 0-2.1 1-3.34 1-1.19 0-1.42-1-3.33-1-1.95 0-2.09 1-3.33 1v2c1.9 0 2.17-1 3.35-1 1.19 0 1.42 1 3.33 1 1.95 0 2.08-1 3.32-1s1.37 1 3.32 1c1.91 0 2.14-1 3.33-1 1.18 0 1.45 1 3.35 1v-2c-1.24 0-1.38-1-3.33-1-1.91 0-2.14 1-3.33 1-1.24 0-1.39-1-3.34-1zm8.34-4.66-1.37 1.37c-.19.18-.45.29-.71.29H17V9.65l1.32.97L19.5 9 12 3.5 4.5 9l1.18 1.61L7 9.65V13H5.74c-.27 0-.52-.11-.71-.29l-1.37-1.37-1.41 1.41 1.37 1.37c.56.56 1.33.88 2.12.88h12.51c.8 0 1.56-.32 2.12-.88l1.37-1.37-1.4-1.41zM13 13h-2v-2h2v2z"
                    />
                  </svg>
                </p>
                <h4
                  className="MuiTypography-root MuiTypography-h4 css-wz9of0-MuiTypography-root"
                >
                  10
                </h4>
                <span
                  className="MuiTypography-root MuiTypography-caption-semibold css-jab4h0-MuiTypography-root"
                >
                  yellow submarines
                </span>
              </div>
              <div
                className="MuiPaper-root MuiPaper-elevation MuiPaper-rounded MuiPaper-elevation16 MuiCard-root kpi-slide css-1sp12f3-MuiPaper-root-MuiCard-root"
                id="kpi-3"
              >
                <p
                  className="MuiTypography-root MuiTypography-body1 css-14gdbdq-MuiTypography-root"
                >
                  <svg
                    aria-hidden={true}
                    className="MuiSvgIcon-root MuiSvgIcon-fontSizeMedium css-i4bv87-MuiSvgIcon-root"
                    data-testid="PieChartIcon"
                    focusable="false"
                    viewBox="0 0 24 24"
                  >
                    <path
                      d="M11 2v20c-5.07-.5-9-4.79-9-10s3.93-9.5 9-10zm2.03 0v8.99H22c-.47-4.74-4.24-8.52-8.97-8.99zm0 11.01V22c4.74-.47 8.5-4.25 8.97-8.99h-8.97z"
                    />
                  </svg>
                </p>
                <h4
                  className="MuiTypography-root MuiTypography-h4 css-wz9of0-MuiTypography-root"
                >
                  100
                </h4>
                <span
                  className="MuiTypography-root MuiTypography-caption-semibold css-jab4h0-MuiTypography-root"
                >
                  honey pies
                </span>
              </div>
            </div>
            <div
              className="MuiStack-root css-18p7mi9-MuiStack-root"
            >
              <div
                className="MuiStack-root css-1bcdyk0-MuiStack-root"
              >
                <div
                  className="MuiBox-root css-1pwnssa"
                  onClick={[Function]}
                />
                <div
                  className="MuiBox-root css-1gqrhl2"
                  onClick={[Function]}
                />
                <div
                  className="MuiBox-root css-1gqrhl2"
                  onClick={[Function]}
                />
              </div>
            </div>
          </div>
        </div>
      </div>
    </div>
  </section>,
]
`;

exports[`renders correctly column light  1`] = `
[
  <style>
    
          .no-scrollbar {
            -ms-overflow-style: none;
            scrollbar-width: none;
          }

          .no-scrollbar::-webkit-scrollbar {
            display: none;
          }
        
  </style>,
  <section
    className="MuiBox-root css-14tikk5"
  >
    <div
      className="MuiContainer-root MuiContainer-maxWidthLg MuiContainer-disableGutters css-1p4tas-MuiContainer-root"
    >
      <div
        className="MuiGrid-root MuiGrid-container css-11lq3yg-MuiGrid-root"
      >
        <div
          className="MuiStack-root css-1nxt8ft-MuiStack-root"
        >
          <div
            className="MuiStack-root css-1ywhqi8-MuiStack-root"
          >
            <span
              className="MuiTypography-root MuiTypography-overline css-1hbyad5-MuiTypography-root"
            >
              PER I CITTADINI
            </span>
            <h4
              className="MuiTypography-root MuiTypography-h4 css-wz9of0-MuiTypography-root"
            >
              Non perderti più nessuna notifica
            </h4>
            <p
              className="MuiTypography-root MuiTypography-body2 css-1yr8029-MuiTypography-root"
            >
              Con Piattaforma Notifiche, ricevi e gestisci nello stesso spazio tutti gli atti di notifica che ti inviano Enti e Pubbliche Amministrazioni, come multe o certificati elettorali. E, grazie all’integrazione con pagoPA, puoi anche pagare eventuali costi. Così, risparmi tempo e denaro.
            </p>
          </div>
          <div
            className="MuiStack-root no-scrollbar css-1t2u4xv-MuiStack-root"
          >
            <div
              className="MuiBox-root css-6vwtel"
            >
              <span
                className="MuiTypography-root MuiTypography-sidenav css-qxdyk4-MuiTypography-root"
              >
                Lorem Ipsum dolo sit amet
              </span>
            </div>
            <div
              className="MuiStack-root css-orugj9-MuiStack-root"
            >
              <div
                className="MuiPaper-root MuiPaper-elevation MuiPaper-rounded MuiPaper-elevation16 MuiCard-root kpi-slide css-1sp12f3-MuiPaper-root-MuiCard-root"
                id="kpi-1"
              >
                <p
                  className="MuiTypography-root MuiTypography-body1 css-14gdbdq-MuiTypography-root"
                >
                  <svg
                    aria-hidden={true}
                    className="MuiSvgIcon-root MuiSvgIcon-fontSizeMedium css-i4bv87-MuiSvgIcon-root"
                    data-testid="AllInclusiveIcon"
                    focusable="false"
                    viewBox="0 0 24 24"
                  >
                    <path
                      d="M18.6 6.62c-1.44 0-2.8.56-3.77 1.53L12 10.66 10.48 12h.01L7.8 14.39c-.64.64-1.49.99-2.4.99-1.87 0-3.39-1.51-3.39-3.38S3.53 8.62 5.4 8.62c.91 0 1.76.35 2.44 1.03l1.13 1 1.51-1.34L9.22 8.2C8.2 7.18 6.84 6.62 5.4 6.62 2.42 6.62 0 9.04 0 12s2.42 5.38 5.4 5.38c1.44 0 2.8-.56 3.77-1.53l2.83-2.5.01.01L13.52 12h-.01l2.69-2.39c.64-.64 1.49-.99 2.4-.99 1.87 0 3.39 1.51 3.39 3.38s-1.52 3.38-3.39 3.38c-.9 0-1.76-.35-2.44-1.03l-1.14-1.01-1.51 1.34 1.27 1.12c1.02 1.01 2.37 1.57 3.82 1.57 2.98 0 5.4-2.41 5.4-5.38s-2.42-5.37-5.4-5.37z"
                    />
                  </svg>
                </p>
                <h4
                  className="MuiTypography-root MuiTypography-h4 css-1tg5hpw-MuiTypography-root"
                >
                  30000
                </h4>
                <span
                  className="MuiTypography-root MuiTypography-caption-semibold css-19re0ev-MuiTypography-root"
                >
                  strawberry fields
                </span>
              </div>
              <div
                className="MuiPaper-root MuiPaper-elevation MuiPaper-rounded MuiPaper-elevation16 MuiCard-root kpi-slide css-1sp12f3-MuiPaper-root-MuiCard-root"
                id="kpi-2"
              >
                <p
                  className="MuiTypography-root MuiTypography-body1 css-14gdbdq-MuiTypography-root"
                >
                  <svg
                    aria-hidden={true}
                    className="MuiSvgIcon-root MuiSvgIcon-fontSizeMedium css-i4bv87-MuiSvgIcon-root"
                    data-testid="HouseboatIcon"
                    focusable="false"
                    viewBox="0 0 24 24"
                  >
                    <path
                      d="M12 16c-1.95 0-2.1 1-3.34 1-1.19 0-1.42-1-3.33-1-1.95 0-2.09 1-3.33 1v2c1.9 0 2.17-1 3.35-1 1.19 0 1.42 1 3.33 1 1.95 0 2.08-1 3.32-1s1.37 1 3.32 1c1.91 0 2.14-1 3.33-1 1.18 0 1.45 1 3.35 1v-2c-1.24 0-1.38-1-3.33-1-1.91 0-2.14 1-3.33 1-1.24 0-1.39-1-3.34-1zm8.34-4.66-1.37 1.37c-.19.18-.45.29-.71.29H17V9.65l1.32.97L19.5 9 12 3.5 4.5 9l1.18 1.61L7 9.65V13H5.74c-.27 0-.52-.11-.71-.29l-1.37-1.37-1.41 1.41 1.37 1.37c.56.56 1.33.88 2.12.88h12.51c.8 0 1.56-.32 2.12-.88l1.37-1.37-1.4-1.41zM13 13h-2v-2h2v2z"
                    />
                  </svg>
                </p>
                <h4
                  className="MuiTypography-root MuiTypography-h4 css-1tg5hpw-MuiTypography-root"
                >
                  10
                </h4>
                <span
                  className="MuiTypography-root MuiTypography-caption-semibold css-19re0ev-MuiTypography-root"
                >
                  yellow submarines
                </span>
              </div>
              <div
                className="MuiPaper-root MuiPaper-elevation MuiPaper-rounded MuiPaper-elevation16 MuiCard-root kpi-slide css-1sp12f3-MuiPaper-root-MuiCard-root"
                id="kpi-3"
              >
                <p
                  className="MuiTypography-root MuiTypography-body1 css-14gdbdq-MuiTypography-root"
                >
                  <svg
                    aria-hidden={true}
                    className="MuiSvgIcon-root MuiSvgIcon-fontSizeMedium css-i4bv87-MuiSvgIcon-root"
                    data-testid="PieChartIcon"
                    focusable="false"
                    viewBox="0 0 24 24"
                  >
                    <path
                      d="M11 2v20c-5.07-.5-9-4.79-9-10s3.93-9.5 9-10zm2.03 0v8.99H22c-.47-4.74-4.24-8.52-8.97-8.99zm0 11.01V22c4.74-.47 8.5-4.25 8.97-8.99h-8.97z"
                    />
                  </svg>
                </p>
                <h4
                  className="MuiTypography-root MuiTypography-h4 css-1tg5hpw-MuiTypography-root"
                >
                  100
                </h4>
                <span
                  className="MuiTypography-root MuiTypography-caption-semibold css-19re0ev-MuiTypography-root"
                >
                  honey pies
                </span>
              </div>
            </div>
            <div
              className="MuiStack-root css-18p7mi9-MuiStack-root"
            >
              <div
                className="MuiStack-root css-1bcdyk0-MuiStack-root"
              >
                <div
                  className="MuiBox-root css-1pwnssa"
                  onClick={[Function]}
                />
                <div
                  className="MuiBox-root css-1gqrhl2"
                  onClick={[Function]}
                />
                <div
                  className="MuiBox-root css-1gqrhl2"
                  onClick={[Function]}
                />
              </div>
            </div>
          </div>
        </div>
      </div>
    </div>
  </section>,
]
`;

exports[`renders correctly row and custom body dark  1`] = `
[
  <style>
    
          .no-scrollbar {
            -ms-overflow-style: none;
            scrollbar-width: none;
          }

          .no-scrollbar::-webkit-scrollbar {
            display: none;
          }
        
  </style>,
  <section
    className="MuiBox-root css-1rcu9g9"
  >
    <div
      className="MuiContainer-root MuiContainer-maxWidthLg MuiContainer-disableGutters css-1p4tas-MuiContainer-root"
    >
      <div
        className="MuiGrid-root MuiGrid-container css-11lq3yg-MuiGrid-root"
      >
        <div
          className="MuiStack-root css-12ejc6-MuiStack-root"
        >
          <div
            className="MuiStack-root css-chzufa-MuiStack-root"
          >
            <span
              className="MuiTypography-root MuiTypography-overline css-1syqjkp-MuiTypography-root"
            >
              PER I CITTADINI
            </span>
            <h4
              className="MuiTypography-root MuiTypography-h4 css-1s9j31j-MuiTypography-root"
            >
              Non perderti più nessuna notifica
            </h4>
            <p
              className="MuiTypography-root MuiTypography-body2 css-1cl5n3e-MuiTypography-root"
            >
              <p>
                Con 
                <b>
                  Piattaforma Notifiche
                </b>
                , ricevi e gestisci nello stesso spazio tutti gli atti di notifica che ti inviano Enti e Pubbliche Amministrazioni, come multe o certificati elettorali. E, grazie all’integrazione con 
                <b>
                  pagoPA
                </b>
                , puoi anche pagare eventuali costi. Così, risparmi tempo e denaro.
              </p>
            </p>
          </div>
          <div
            className="MuiStack-root no-scrollbar css-qgpd2g-MuiStack-root"
          >
            <div
              className="MuiBox-root css-6vwtel"
            >
              <span
                className="MuiTypography-root MuiTypography-sidenav css-8i7g3z-MuiTypography-root"
              >
                Lorem Ipsum dolo sit amet
              </span>
            </div>
            <div
              className="MuiStack-root css-1ht9h82-MuiStack-root"
            >
              <div
                className="MuiPaper-root MuiPaper-elevation MuiPaper-rounded MuiPaper-elevation16 MuiCard-root kpi-slide css-1sp12f3-MuiPaper-root-MuiCard-root"
                id="kpi-1"
              >
                <p
                  className="MuiTypography-root MuiTypography-body1 css-14gdbdq-MuiTypography-root"
                >
                  <svg
                    aria-hidden={true}
                    className="MuiSvgIcon-root MuiSvgIcon-fontSizeMedium css-i4bv87-MuiSvgIcon-root"
                    data-testid="AllInclusiveIcon"
                    focusable="false"
                    viewBox="0 0 24 24"
                  >
                    <path
                      d="M18.6 6.62c-1.44 0-2.8.56-3.77 1.53L12 10.66 10.48 12h.01L7.8 14.39c-.64.64-1.49.99-2.4.99-1.87 0-3.39-1.51-3.39-3.38S3.53 8.62 5.4 8.62c.91 0 1.76.35 2.44 1.03l1.13 1 1.51-1.34L9.22 8.2C8.2 7.18 6.84 6.62 5.4 6.62 2.42 6.62 0 9.04 0 12s2.42 5.38 5.4 5.38c1.44 0 2.8-.56 3.77-1.53l2.83-2.5.01.01L13.52 12h-.01l2.69-2.39c.64-.64 1.49-.99 2.4-.99 1.87 0 3.39 1.51 3.39 3.38s-1.52 3.38-3.39 3.38c-.9 0-1.76-.35-2.44-1.03l-1.14-1.01-1.51 1.34 1.27 1.12c1.02 1.01 2.37 1.57 3.82 1.57 2.98 0 5.4-2.41 5.4-5.38s-2.42-5.37-5.4-5.37z"
                    />
                  </svg>
                </p>
                <h4
                  className="MuiTypography-root MuiTypography-h4 css-wz9of0-MuiTypography-root"
                >
                  30000
                </h4>
                <span
                  className="MuiTypography-root MuiTypography-caption-semibold css-jab4h0-MuiTypography-root"
                >
                  strawberry fields
                </span>
              </div>
              <div
                className="MuiPaper-root MuiPaper-elevation MuiPaper-rounded MuiPaper-elevation16 MuiCard-root kpi-slide css-1sp12f3-MuiPaper-root-MuiCard-root"
                id="kpi-2"
              >
                <p
                  className="MuiTypography-root MuiTypography-body1 css-14gdbdq-MuiTypography-root"
                >
                  <svg
                    aria-hidden={true}
                    className="MuiSvgIcon-root MuiSvgIcon-fontSizeMedium css-i4bv87-MuiSvgIcon-root"
                    data-testid="HouseboatIcon"
                    focusable="false"
                    viewBox="0 0 24 24"
                  >
                    <path
                      d="M12 16c-1.95 0-2.1 1-3.34 1-1.19 0-1.42-1-3.33-1-1.95 0-2.09 1-3.33 1v2c1.9 0 2.17-1 3.35-1 1.19 0 1.42 1 3.33 1 1.95 0 2.08-1 3.32-1s1.37 1 3.32 1c1.91 0 2.14-1 3.33-1 1.18 0 1.45 1 3.35 1v-2c-1.24 0-1.38-1-3.33-1-1.91 0-2.14 1-3.33 1-1.24 0-1.39-1-3.34-1zm8.34-4.66-1.37 1.37c-.19.18-.45.29-.71.29H17V9.65l1.32.97L19.5 9 12 3.5 4.5 9l1.18 1.61L7 9.65V13H5.74c-.27 0-.52-.11-.71-.29l-1.37-1.37-1.41 1.41 1.37 1.37c.56.56 1.33.88 2.12.88h12.51c.8 0 1.56-.32 2.12-.88l1.37-1.37-1.4-1.41zM13 13h-2v-2h2v2z"
                    />
                  </svg>
                </p>
                <h4
                  className="MuiTypography-root MuiTypography-h4 css-wz9of0-MuiTypography-root"
                >
                  10
                </h4>
                <span
                  className="MuiTypography-root MuiTypography-caption-semibold css-jab4h0-MuiTypography-root"
                >
                  yellow submarines
                </span>
              </div>
              <div
                className="MuiPaper-root MuiPaper-elevation MuiPaper-rounded MuiPaper-elevation16 MuiCard-root kpi-slide css-1sp12f3-MuiPaper-root-MuiCard-root"
                id="kpi-3"
              >
                <p
                  className="MuiTypography-root MuiTypography-body1 css-14gdbdq-MuiTypography-root"
                >
                  <svg
                    aria-hidden={true}
                    className="MuiSvgIcon-root MuiSvgIcon-fontSizeMedium css-i4bv87-MuiSvgIcon-root"
                    data-testid="PieChartIcon"
                    focusable="false"
                    viewBox="0 0 24 24"
                  >
                    <path
                      d="M11 2v20c-5.07-.5-9-4.79-9-10s3.93-9.5 9-10zm2.03 0v8.99H22c-.47-4.74-4.24-8.52-8.97-8.99zm0 11.01V22c4.74-.47 8.5-4.25 8.97-8.99h-8.97z"
                    />
                  </svg>
                </p>
                <h4
                  className="MuiTypography-root MuiTypography-h4 css-wz9of0-MuiTypography-root"
                >
                  100
                </h4>
                <span
                  className="MuiTypography-root MuiTypography-caption-semibold css-jab4h0-MuiTypography-root"
                >
                  honey pies
                </span>
              </div>
            </div>
            <div
              className="MuiStack-root css-1wte9e8-MuiStack-root"
            >
              <div
                className="MuiStack-root css-1bcdyk0-MuiStack-root"
              >
                <div
                  className="MuiBox-root css-1pwnssa"
                  onClick={[Function]}
                />
                <div
                  className="MuiBox-root css-1gqrhl2"
                  onClick={[Function]}
                />
                <div
                  className="MuiBox-root css-1gqrhl2"
                  onClick={[Function]}
                />
              </div>
            </div>
          </div>
        </div>
      </div>
    </div>
  </section>,
]
`;

exports[`renders correctly row and custom body light  1`] = `
[
  <style>
    
          .no-scrollbar {
            -ms-overflow-style: none;
            scrollbar-width: none;
          }

          .no-scrollbar::-webkit-scrollbar {
            display: none;
          }
        
  </style>,
  <section
    className="MuiBox-root css-14tikk5"
  >
    <div
      className="MuiContainer-root MuiContainer-maxWidthLg MuiContainer-disableGutters css-1p4tas-MuiContainer-root"
    >
      <div
        className="MuiGrid-root MuiGrid-container css-11lq3yg-MuiGrid-root"
      >
        <div
          className="MuiStack-root css-12ejc6-MuiStack-root"
        >
          <div
            className="MuiStack-root css-chzufa-MuiStack-root"
          >
            <span
              className="MuiTypography-root MuiTypography-overline css-1hbyad5-MuiTypography-root"
            >
              PER I CITTADINI
            </span>
            <h4
              className="MuiTypography-root MuiTypography-h4 css-wz9of0-MuiTypography-root"
            >
              Non perderti più nessuna notifica
            </h4>
            <p
              className="MuiTypography-root MuiTypography-body2 css-1yr8029-MuiTypography-root"
            >
              <p>
                Con 
                <b>
                  Piattaforma Notifiche
                </b>
                , ricevi e gestisci nello stesso spazio tutti gli atti di notifica che ti inviano Enti e Pubbliche Amministrazioni, come multe o certificati elettorali. E, grazie all’integrazione con 
                <b>
                  pagoPA
                </b>
                , puoi anche pagare eventuali costi. Così, risparmi tempo e denaro.
              </p>
            </p>
          </div>
          <div
            className="MuiStack-root no-scrollbar css-qgpd2g-MuiStack-root"
          >
            <div
              className="MuiBox-root css-6vwtel"
            >
              <span
                className="MuiTypography-root MuiTypography-sidenav css-qxdyk4-MuiTypography-root"
              >
                Lorem Ipsum dolo sit amet
              </span>
            </div>
            <div
              className="MuiStack-root css-1ht9h82-MuiStack-root"
            >
              <div
                className="MuiPaper-root MuiPaper-elevation MuiPaper-rounded MuiPaper-elevation16 MuiCard-root kpi-slide css-1sp12f3-MuiPaper-root-MuiCard-root"
                id="kpi-1"
              >
                <p
                  className="MuiTypography-root MuiTypography-body1 css-14gdbdq-MuiTypography-root"
                >
                  <svg
                    aria-hidden={true}
                    className="MuiSvgIcon-root MuiSvgIcon-fontSizeMedium css-i4bv87-MuiSvgIcon-root"
                    data-testid="AllInclusiveIcon"
                    focusable="false"
                    viewBox="0 0 24 24"
                  >
                    <path
                      d="M18.6 6.62c-1.44 0-2.8.56-3.77 1.53L12 10.66 10.48 12h.01L7.8 14.39c-.64.64-1.49.99-2.4.99-1.87 0-3.39-1.51-3.39-3.38S3.53 8.62 5.4 8.62c.91 0 1.76.35 2.44 1.03l1.13 1 1.51-1.34L9.22 8.2C8.2 7.18 6.84 6.62 5.4 6.62 2.42 6.62 0 9.04 0 12s2.42 5.38 5.4 5.38c1.44 0 2.8-.56 3.77-1.53l2.83-2.5.01.01L13.52 12h-.01l2.69-2.39c.64-.64 1.49-.99 2.4-.99 1.87 0 3.39 1.51 3.39 3.38s-1.52 3.38-3.39 3.38c-.9 0-1.76-.35-2.44-1.03l-1.14-1.01-1.51 1.34 1.27 1.12c1.02 1.01 2.37 1.57 3.82 1.57 2.98 0 5.4-2.41 5.4-5.38s-2.42-5.37-5.4-5.37z"
                    />
                  </svg>
                </p>
                <h4
                  className="MuiTypography-root MuiTypography-h4 css-1tg5hpw-MuiTypography-root"
                >
                  30000
                </h4>
                <span
                  className="MuiTypography-root MuiTypography-caption-semibold css-19re0ev-MuiTypography-root"
                >
                  strawberry fields
                </span>
              </div>
              <div
                className="MuiPaper-root MuiPaper-elevation MuiPaper-rounded MuiPaper-elevation16 MuiCard-root kpi-slide css-1sp12f3-MuiPaper-root-MuiCard-root"
                id="kpi-2"
              >
                <p
                  className="MuiTypography-root MuiTypography-body1 css-14gdbdq-MuiTypography-root"
                >
                  <svg
                    aria-hidden={true}
                    className="MuiSvgIcon-root MuiSvgIcon-fontSizeMedium css-i4bv87-MuiSvgIcon-root"
                    data-testid="HouseboatIcon"
                    focusable="false"
                    viewBox="0 0 24 24"
                  >
                    <path
                      d="M12 16c-1.95 0-2.1 1-3.34 1-1.19 0-1.42-1-3.33-1-1.95 0-2.09 1-3.33 1v2c1.9 0 2.17-1 3.35-1 1.19 0 1.42 1 3.33 1 1.95 0 2.08-1 3.32-1s1.37 1 3.32 1c1.91 0 2.14-1 3.33-1 1.18 0 1.45 1 3.35 1v-2c-1.24 0-1.38-1-3.33-1-1.91 0-2.14 1-3.33 1-1.24 0-1.39-1-3.34-1zm8.34-4.66-1.37 1.37c-.19.18-.45.29-.71.29H17V9.65l1.32.97L19.5 9 12 3.5 4.5 9l1.18 1.61L7 9.65V13H5.74c-.27 0-.52-.11-.71-.29l-1.37-1.37-1.41 1.41 1.37 1.37c.56.56 1.33.88 2.12.88h12.51c.8 0 1.56-.32 2.12-.88l1.37-1.37-1.4-1.41zM13 13h-2v-2h2v2z"
                    />
                  </svg>
                </p>
                <h4
                  className="MuiTypography-root MuiTypography-h4 css-1tg5hpw-MuiTypography-root"
                >
                  10
                </h4>
                <span
                  className="MuiTypography-root MuiTypography-caption-semibold css-19re0ev-MuiTypography-root"
                >
                  yellow submarines
                </span>
              </div>
              <div
                className="MuiPaper-root MuiPaper-elevation MuiPaper-rounded MuiPaper-elevation16 MuiCard-root kpi-slide css-1sp12f3-MuiPaper-root-MuiCard-root"
                id="kpi-3"
              >
                <p
                  className="MuiTypography-root MuiTypography-body1 css-14gdbdq-MuiTypography-root"
                >
                  <svg
                    aria-hidden={true}
                    className="MuiSvgIcon-root MuiSvgIcon-fontSizeMedium css-i4bv87-MuiSvgIcon-root"
                    data-testid="PieChartIcon"
                    focusable="false"
                    viewBox="0 0 24 24"
                  >
                    <path
                      d="M11 2v20c-5.07-.5-9-4.79-9-10s3.93-9.5 9-10zm2.03 0v8.99H22c-.47-4.74-4.24-8.52-8.97-8.99zm0 11.01V22c4.74-.47 8.5-4.25 8.97-8.99h-8.97z"
                    />
                  </svg>
                </p>
                <h4
                  className="MuiTypography-root MuiTypography-h4 css-1tg5hpw-MuiTypography-root"
                >
                  100
                </h4>
                <span
                  className="MuiTypography-root MuiTypography-caption-semibold css-19re0ev-MuiTypography-root"
                >
                  honey pies
                </span>
              </div>
            </div>
            <div
              className="MuiStack-root css-1wte9e8-MuiStack-root"
            >
              <div
                className="MuiStack-root css-1bcdyk0-MuiStack-root"
              >
                <div
                  className="MuiBox-root css-1pwnssa"
                  onClick={[Function]}
                />
                <div
                  className="MuiBox-root css-1gqrhl2"
                  onClick={[Function]}
                />
                <div
                  className="MuiBox-root css-1gqrhl2"
                  onClick={[Function]}
                />
              </div>
            </div>
          </div>
        </div>
      </div>
    </div>
  </section>,
]
`;

exports[`renders correctly row dark  1`] = `
[
  <style>
    
          .no-scrollbar {
            -ms-overflow-style: none;
            scrollbar-width: none;
          }

          .no-scrollbar::-webkit-scrollbar {
            display: none;
          }
        
  </style>,
  <section
    className="MuiBox-root css-1rcu9g9"
  >
    <div
      className="MuiContainer-root MuiContainer-maxWidthLg MuiContainer-disableGutters css-1p4tas-MuiContainer-root"
    >
      <div
        className="MuiGrid-root MuiGrid-container css-11lq3yg-MuiGrid-root"
      >
        <div
          className="MuiStack-root css-12ejc6-MuiStack-root"
        >
          <div
            className="MuiStack-root css-chzufa-MuiStack-root"
          >
            <span
              className="MuiTypography-root MuiTypography-overline css-1syqjkp-MuiTypography-root"
            >
              PER I CITTADINI
            </span>
            <h4
              className="MuiTypography-root MuiTypography-h4 css-1s9j31j-MuiTypography-root"
            >
              Non perderti più nessuna notifica
            </h4>
            <p
              className="MuiTypography-root MuiTypography-body2 css-1cl5n3e-MuiTypography-root"
            >
              Con Piattaforma Notifiche, ricevi e gestisci nello stesso spazio tutti gli atti di notifica che ti inviano Enti e Pubbliche Amministrazioni, come multe o certificati elettorali. E, grazie all’integrazione con pagoPA, puoi anche pagare eventuali costi. Così, risparmi tempo e denaro.
            </p>
          </div>
          <div
            className="MuiStack-root no-scrollbar css-qgpd2g-MuiStack-root"
          >
            <div
              className="MuiBox-root css-6vwtel"
            >
              <span
                className="MuiTypography-root MuiTypography-sidenav css-8i7g3z-MuiTypography-root"
              >
                Lorem Ipsum dolo sit amet
              </span>
            </div>
            <div
              className="MuiStack-root css-1ht9h82-MuiStack-root"
            >
              <div
                className="MuiPaper-root MuiPaper-elevation MuiPaper-rounded MuiPaper-elevation16 MuiCard-root kpi-slide css-1sp12f3-MuiPaper-root-MuiCard-root"
                id="kpi-1"
              >
                <p
                  className="MuiTypography-root MuiTypography-body1 css-14gdbdq-MuiTypography-root"
                >
                  <svg
                    aria-hidden={true}
                    className="MuiSvgIcon-root MuiSvgIcon-fontSizeMedium css-i4bv87-MuiSvgIcon-root"
                    data-testid="AllInclusiveIcon"
                    focusable="false"
                    viewBox="0 0 24 24"
                  >
                    <path
                      d="M18.6 6.62c-1.44 0-2.8.56-3.77 1.53L12 10.66 10.48 12h.01L7.8 14.39c-.64.64-1.49.99-2.4.99-1.87 0-3.39-1.51-3.39-3.38S3.53 8.62 5.4 8.62c.91 0 1.76.35 2.44 1.03l1.13 1 1.51-1.34L9.22 8.2C8.2 7.18 6.84 6.62 5.4 6.62 2.42 6.62 0 9.04 0 12s2.42 5.38 5.4 5.38c1.44 0 2.8-.56 3.77-1.53l2.83-2.5.01.01L13.52 12h-.01l2.69-2.39c.64-.64 1.49-.99 2.4-.99 1.87 0 3.39 1.51 3.39 3.38s-1.52 3.38-3.39 3.38c-.9 0-1.76-.35-2.44-1.03l-1.14-1.01-1.51 1.34 1.27 1.12c1.02 1.01 2.37 1.57 3.82 1.57 2.98 0 5.4-2.41 5.4-5.38s-2.42-5.37-5.4-5.37z"
                    />
                  </svg>
                </p>
                <h4
                  className="MuiTypography-root MuiTypography-h4 css-wz9of0-MuiTypography-root"
                >
                  30000
                </h4>
                <span
                  className="MuiTypography-root MuiTypography-caption-semibold css-jab4h0-MuiTypography-root"
                >
                  strawberry fields
                </span>
              </div>
              <div
                className="MuiPaper-root MuiPaper-elevation MuiPaper-rounded MuiPaper-elevation16 MuiCard-root kpi-slide css-1sp12f3-MuiPaper-root-MuiCard-root"
                id="kpi-2"
              >
                <p
                  className="MuiTypography-root MuiTypography-body1 css-14gdbdq-MuiTypography-root"
                >
                  <svg
                    aria-hidden={true}
                    className="MuiSvgIcon-root MuiSvgIcon-fontSizeMedium css-i4bv87-MuiSvgIcon-root"
                    data-testid="HouseboatIcon"
                    focusable="false"
                    viewBox="0 0 24 24"
                  >
                    <path
                      d="M12 16c-1.95 0-2.1 1-3.34 1-1.19 0-1.42-1-3.33-1-1.95 0-2.09 1-3.33 1v2c1.9 0 2.17-1 3.35-1 1.19 0 1.42 1 3.33 1 1.95 0 2.08-1 3.32-1s1.37 1 3.32 1c1.91 0 2.14-1 3.33-1 1.18 0 1.45 1 3.35 1v-2c-1.24 0-1.38-1-3.33-1-1.91 0-2.14 1-3.33 1-1.24 0-1.39-1-3.34-1zm8.34-4.66-1.37 1.37c-.19.18-.45.29-.71.29H17V9.65l1.32.97L19.5 9 12 3.5 4.5 9l1.18 1.61L7 9.65V13H5.74c-.27 0-.52-.11-.71-.29l-1.37-1.37-1.41 1.41 1.37 1.37c.56.56 1.33.88 2.12.88h12.51c.8 0 1.56-.32 2.12-.88l1.37-1.37-1.4-1.41zM13 13h-2v-2h2v2z"
                    />
                  </svg>
                </p>
                <h4
                  className="MuiTypography-root MuiTypography-h4 css-wz9of0-MuiTypography-root"
                >
                  10
                </h4>
                <span
                  className="MuiTypography-root MuiTypography-caption-semibold css-jab4h0-MuiTypography-root"
                >
                  yellow submarines
                </span>
              </div>
              <div
                className="MuiPaper-root MuiPaper-elevation MuiPaper-rounded MuiPaper-elevation16 MuiCard-root kpi-slide css-1sp12f3-MuiPaper-root-MuiCard-root"
                id="kpi-3"
              >
                <p
                  className="MuiTypography-root MuiTypography-body1 css-14gdbdq-MuiTypography-root"
                >
                  <svg
                    aria-hidden={true}
                    className="MuiSvgIcon-root MuiSvgIcon-fontSizeMedium css-i4bv87-MuiSvgIcon-root"
                    data-testid="PieChartIcon"
                    focusable="false"
                    viewBox="0 0 24 24"
                  >
                    <path
                      d="M11 2v20c-5.07-.5-9-4.79-9-10s3.93-9.5 9-10zm2.03 0v8.99H22c-.47-4.74-4.24-8.52-8.97-8.99zm0 11.01V22c4.74-.47 8.5-4.25 8.97-8.99h-8.97z"
                    />
                  </svg>
                </p>
                <h4
                  className="MuiTypography-root MuiTypography-h4 css-wz9of0-MuiTypography-root"
                >
                  100
                </h4>
                <span
                  className="MuiTypography-root MuiTypography-caption-semibold css-jab4h0-MuiTypography-root"
                >
                  honey pies
                </span>
              </div>
            </div>
            <div
              className="MuiStack-root css-1wte9e8-MuiStack-root"
            >
              <div
                className="MuiStack-root css-1bcdyk0-MuiStack-root"
              >
                <div
                  className="MuiBox-root css-1pwnssa"
                  onClick={[Function]}
                />
                <div
                  className="MuiBox-root css-1gqrhl2"
                  onClick={[Function]}
                />
                <div
                  className="MuiBox-root css-1gqrhl2"
                  onClick={[Function]}
                />
              </div>
            </div>
          </div>
        </div>
      </div>
    </div>
  </section>,
]
`;

exports[`renders correctly row light  1`] = `
[
  <style>
    
          .no-scrollbar {
            -ms-overflow-style: none;
            scrollbar-width: none;
          }

          .no-scrollbar::-webkit-scrollbar {
            display: none;
          }
        
  </style>,
  <section
    className="MuiBox-root css-14tikk5"
  >
    <div
      className="MuiContainer-root MuiContainer-maxWidthLg MuiContainer-disableGutters css-1p4tas-MuiContainer-root"
    >
      <div
        className="MuiGrid-root MuiGrid-container css-11lq3yg-MuiGrid-root"
      >
        <div
          className="MuiStack-root css-12ejc6-MuiStack-root"
        >
          <div
            className="MuiStack-root css-chzufa-MuiStack-root"
          >
            <span
              className="MuiTypography-root MuiTypography-overline css-1hbyad5-MuiTypography-root"
            >
              PER I CITTADINI
            </span>
            <h4
              className="MuiTypography-root MuiTypography-h4 css-wz9of0-MuiTypography-root"
            >
              Non perderti più nessuna notifica
            </h4>
            <p
              className="MuiTypography-root MuiTypography-body2 css-1yr8029-MuiTypography-root"
            >
              Con Piattaforma Notifiche, ricevi e gestisci nello stesso spazio tutti gli atti di notifica che ti inviano Enti e Pubbliche Amministrazioni, come multe o certificati elettorali. E, grazie all’integrazione con pagoPA, puoi anche pagare eventuali costi. Così, risparmi tempo e denaro.
            </p>
          </div>
          <div
            className="MuiStack-root no-scrollbar css-qgpd2g-MuiStack-root"
          >
            <div
              className="MuiBox-root css-6vwtel"
            >
              <span
                className="MuiTypography-root MuiTypography-sidenav css-qxdyk4-MuiTypography-root"
              >
                Lorem Ipsum dolo sit amet
              </span>
            </div>
            <div
              className="MuiStack-root css-1ht9h82-MuiStack-root"
            >
              <div
                className="MuiPaper-root MuiPaper-elevation MuiPaper-rounded MuiPaper-elevation16 MuiCard-root kpi-slide css-1sp12f3-MuiPaper-root-MuiCard-root"
                id="kpi-1"
              >
                <p
                  className="MuiTypography-root MuiTypography-body1 css-14gdbdq-MuiTypography-root"
                >
                  <svg
                    aria-hidden={true}
                    className="MuiSvgIcon-root MuiSvgIcon-fontSizeMedium css-i4bv87-MuiSvgIcon-root"
                    data-testid="AllInclusiveIcon"
                    focusable="false"
                    viewBox="0 0 24 24"
                  >
                    <path
                      d="M18.6 6.62c-1.44 0-2.8.56-3.77 1.53L12 10.66 10.48 12h.01L7.8 14.39c-.64.64-1.49.99-2.4.99-1.87 0-3.39-1.51-3.39-3.38S3.53 8.62 5.4 8.62c.91 0 1.76.35 2.44 1.03l1.13 1 1.51-1.34L9.22 8.2C8.2 7.18 6.84 6.62 5.4 6.62 2.42 6.62 0 9.04 0 12s2.42 5.38 5.4 5.38c1.44 0 2.8-.56 3.77-1.53l2.83-2.5.01.01L13.52 12h-.01l2.69-2.39c.64-.64 1.49-.99 2.4-.99 1.87 0 3.39 1.51 3.39 3.38s-1.52 3.38-3.39 3.38c-.9 0-1.76-.35-2.44-1.03l-1.14-1.01-1.51 1.34 1.27 1.12c1.02 1.01 2.37 1.57 3.82 1.57 2.98 0 5.4-2.41 5.4-5.38s-2.42-5.37-5.4-5.37z"
                    />
                  </svg>
                </p>
                <h4
                  className="MuiTypography-root MuiTypography-h4 css-1tg5hpw-MuiTypography-root"
                >
                  30000
                </h4>
                <span
                  className="MuiTypography-root MuiTypography-caption-semibold css-19re0ev-MuiTypography-root"
                >
                  strawberry fields
                </span>
              </div>
              <div
                className="MuiPaper-root MuiPaper-elevation MuiPaper-rounded MuiPaper-elevation16 MuiCard-root kpi-slide css-1sp12f3-MuiPaper-root-MuiCard-root"
                id="kpi-2"
              >
                <p
                  className="MuiTypography-root MuiTypography-body1 css-14gdbdq-MuiTypography-root"
                >
                  <svg
                    aria-hidden={true}
                    className="MuiSvgIcon-root MuiSvgIcon-fontSizeMedium css-i4bv87-MuiSvgIcon-root"
                    data-testid="HouseboatIcon"
                    focusable="false"
                    viewBox="0 0 24 24"
                  >
                    <path
                      d="M12 16c-1.95 0-2.1 1-3.34 1-1.19 0-1.42-1-3.33-1-1.95 0-2.09 1-3.33 1v2c1.9 0 2.17-1 3.35-1 1.19 0 1.42 1 3.33 1 1.95 0 2.08-1 3.32-1s1.37 1 3.32 1c1.91 0 2.14-1 3.33-1 1.18 0 1.45 1 3.35 1v-2c-1.24 0-1.38-1-3.33-1-1.91 0-2.14 1-3.33 1-1.24 0-1.39-1-3.34-1zm8.34-4.66-1.37 1.37c-.19.18-.45.29-.71.29H17V9.65l1.32.97L19.5 9 12 3.5 4.5 9l1.18 1.61L7 9.65V13H5.74c-.27 0-.52-.11-.71-.29l-1.37-1.37-1.41 1.41 1.37 1.37c.56.56 1.33.88 2.12.88h12.51c.8 0 1.56-.32 2.12-.88l1.37-1.37-1.4-1.41zM13 13h-2v-2h2v2z"
                    />
                  </svg>
                </p>
                <h4
                  className="MuiTypography-root MuiTypography-h4 css-1tg5hpw-MuiTypography-root"
                >
                  10
                </h4>
                <span
                  className="MuiTypography-root MuiTypography-caption-semibold css-19re0ev-MuiTypography-root"
                >
                  yellow submarines
                </span>
              </div>
              <div
                className="MuiPaper-root MuiPaper-elevation MuiPaper-rounded MuiPaper-elevation16 MuiCard-root kpi-slide css-1sp12f3-MuiPaper-root-MuiCard-root"
                id="kpi-3"
              >
                <p
                  className="MuiTypography-root MuiTypography-body1 css-14gdbdq-MuiTypography-root"
                >
                  <svg
                    aria-hidden={true}
                    className="MuiSvgIcon-root MuiSvgIcon-fontSizeMedium css-i4bv87-MuiSvgIcon-root"
                    data-testid="PieChartIcon"
                    focusable="false"
                    viewBox="0 0 24 24"
                  >
                    <path
                      d="M11 2v20c-5.07-.5-9-4.79-9-10s3.93-9.5 9-10zm2.03 0v8.99H22c-.47-4.74-4.24-8.52-8.97-8.99zm0 11.01V22c4.74-.47 8.5-4.25 8.97-8.99h-8.97z"
                    />
                  </svg>
                </p>
                <h4
                  className="MuiTypography-root MuiTypography-h4 css-1tg5hpw-MuiTypography-root"
                >
                  100
                </h4>
                <span
                  className="MuiTypography-root MuiTypography-caption-semibold css-19re0ev-MuiTypography-root"
                >
                  honey pies
                </span>
              </div>
            </div>
            <div
              className="MuiStack-root css-1wte9e8-MuiStack-root"
            >
              <div
                className="MuiStack-root css-1bcdyk0-MuiStack-root"
              >
                <div
                  className="MuiBox-root css-1pwnssa"
                  onClick={[Function]}
                />
                <div
                  className="MuiBox-root css-1gqrhl2"
                  onClick={[Function]}
                />
                <div
                  className="MuiBox-root css-1gqrhl2"
                  onClick={[Function]}
                />
              </div>
            </div>
          </div>
        </div>
      </div>
    </div>
  </section>,
]
`;

exports[`renders correctly standard dark  1`] = `
[
  <style>
    
          .no-scrollbar {
            -ms-overflow-style: none;
            scrollbar-width: none;
          }

          .no-scrollbar::-webkit-scrollbar {
            display: none;
          }
        
  </style>,
  <section
    className="MuiBox-root css-1rcu9g9"
  >
    <div
      className="MuiContainer-root MuiContainer-maxWidthLg MuiContainer-disableGutters css-1p4tas-MuiContainer-root"
    >
      <div
        className="MuiGrid-root MuiGrid-container css-11lq3yg-MuiGrid-root"
      >
        <div
          className="MuiStack-root css-1nxt8ft-MuiStack-root"
        >
          <div
            className="MuiStack-root css-1ywhqi8-MuiStack-root"
          >
            <span
              className="MuiTypography-root MuiTypography-overline css-1syqjkp-MuiTypography-root"
            >
              PER I CITTADINI
            </span>
            <h4
              className="MuiTypography-root MuiTypography-h4 css-1s9j31j-MuiTypography-root"
            >
              Non perderti più nessuna notifica
            </h4>
            <p
              className="MuiTypography-root MuiTypography-body2 css-1cl5n3e-MuiTypography-root"
            >
              Con Piattaforma Notifiche, ricevi e gestisci nello stesso spazio tutti gli atti di notifica che ti inviano Enti e Pubbliche Amministrazioni, come multe o certificati elettorali. E, grazie all’integrazione con pagoPA, puoi anche pagare eventuali costi. Così, risparmi tempo e denaro.
            </p>
          </div>
          <div
            className="MuiStack-root no-scrollbar css-1t2u4xv-MuiStack-root"
          >
            <div
              className="MuiBox-root css-6vwtel"
            >
              <span
                className="MuiTypography-root MuiTypography-sidenav css-8i7g3z-MuiTypography-root"
              >
                Lorem Ipsum dolo sit amet
              </span>
            </div>
            <div
              className="MuiStack-root css-orugj9-MuiStack-root"
            >
              <div
                className="MuiPaper-root MuiPaper-elevation MuiPaper-rounded MuiPaper-elevation16 MuiCard-root kpi-slide css-1sp12f3-MuiPaper-root-MuiCard-root"
                id="kpi-1"
              >
                <p
                  className="MuiTypography-root MuiTypography-body1 css-14gdbdq-MuiTypography-root"
                >
                  <svg
                    aria-hidden={true}
                    className="MuiSvgIcon-root MuiSvgIcon-fontSizeMedium css-i4bv87-MuiSvgIcon-root"
                    data-testid="AllInclusiveIcon"
                    focusable="false"
                    viewBox="0 0 24 24"
                  >
                    <path
                      d="M18.6 6.62c-1.44 0-2.8.56-3.77 1.53L12 10.66 10.48 12h.01L7.8 14.39c-.64.64-1.49.99-2.4.99-1.87 0-3.39-1.51-3.39-3.38S3.53 8.62 5.4 8.62c.91 0 1.76.35 2.44 1.03l1.13 1 1.51-1.34L9.22 8.2C8.2 7.18 6.84 6.62 5.4 6.62 2.42 6.62 0 9.04 0 12s2.42 5.38 5.4 5.38c1.44 0 2.8-.56 3.77-1.53l2.83-2.5.01.01L13.52 12h-.01l2.69-2.39c.64-.64 1.49-.99 2.4-.99 1.87 0 3.39 1.51 3.39 3.38s-1.52 3.38-3.39 3.38c-.9 0-1.76-.35-2.44-1.03l-1.14-1.01-1.51 1.34 1.27 1.12c1.02 1.01 2.37 1.57 3.82 1.57 2.98 0 5.4-2.41 5.4-5.38s-2.42-5.37-5.4-5.37z"
                    />
                  </svg>
                </p>
                <h4
                  className="MuiTypography-root MuiTypography-h4 css-wz9of0-MuiTypography-root"
                >
                  30000
                </h4>
                <span
                  className="MuiTypography-root MuiTypography-caption-semibold css-jab4h0-MuiTypography-root"
                >
                  strawberry fields
                </span>
              </div>
              <div
                className="MuiPaper-root MuiPaper-elevation MuiPaper-rounded MuiPaper-elevation16 MuiCard-root kpi-slide css-1sp12f3-MuiPaper-root-MuiCard-root"
                id="kpi-2"
              >
                <p
                  className="MuiTypography-root MuiTypography-body1 css-14gdbdq-MuiTypography-root"
                >
                  <svg
                    aria-hidden={true}
                    className="MuiSvgIcon-root MuiSvgIcon-fontSizeMedium css-i4bv87-MuiSvgIcon-root"
                    data-testid="HouseboatIcon"
                    focusable="false"
                    viewBox="0 0 24 24"
                  >
                    <path
                      d="M12 16c-1.95 0-2.1 1-3.34 1-1.19 0-1.42-1-3.33-1-1.95 0-2.09 1-3.33 1v2c1.9 0 2.17-1 3.35-1 1.19 0 1.42 1 3.33 1 1.95 0 2.08-1 3.32-1s1.37 1 3.32 1c1.91 0 2.14-1 3.33-1 1.18 0 1.45 1 3.35 1v-2c-1.24 0-1.38-1-3.33-1-1.91 0-2.14 1-3.33 1-1.24 0-1.39-1-3.34-1zm8.34-4.66-1.37 1.37c-.19.18-.45.29-.71.29H17V9.65l1.32.97L19.5 9 12 3.5 4.5 9l1.18 1.61L7 9.65V13H5.74c-.27 0-.52-.11-.71-.29l-1.37-1.37-1.41 1.41 1.37 1.37c.56.56 1.33.88 2.12.88h12.51c.8 0 1.56-.32 2.12-.88l1.37-1.37-1.4-1.41zM13 13h-2v-2h2v2z"
                    />
                  </svg>
                </p>
                <h4
                  className="MuiTypography-root MuiTypography-h4 css-wz9of0-MuiTypography-root"
                >
                  10
                </h4>
                <span
                  className="MuiTypography-root MuiTypography-caption-semibold css-jab4h0-MuiTypography-root"
                >
                  yellow submarines
                </span>
              </div>
              <div
                className="MuiPaper-root MuiPaper-elevation MuiPaper-rounded MuiPaper-elevation16 MuiCard-root kpi-slide css-1sp12f3-MuiPaper-root-MuiCard-root"
                id="kpi-3"
              >
                <p
                  className="MuiTypography-root MuiTypography-body1 css-14gdbdq-MuiTypography-root"
                >
                  <svg
                    aria-hidden={true}
                    className="MuiSvgIcon-root MuiSvgIcon-fontSizeMedium css-i4bv87-MuiSvgIcon-root"
                    data-testid="PieChartIcon"
                    focusable="false"
                    viewBox="0 0 24 24"
                  >
                    <path
                      d="M11 2v20c-5.07-.5-9-4.79-9-10s3.93-9.5 9-10zm2.03 0v8.99H22c-.47-4.74-4.24-8.52-8.97-8.99zm0 11.01V22c4.74-.47 8.5-4.25 8.97-8.99h-8.97z"
                    />
                  </svg>
                </p>
                <h4
                  className="MuiTypography-root MuiTypography-h4 css-wz9of0-MuiTypography-root"
                >
                  100
                </h4>
                <span
                  className="MuiTypography-root MuiTypography-caption-semibold css-jab4h0-MuiTypography-root"
                >
                  honey pies
                </span>
              </div>
            </div>
            <div
              className="MuiStack-root css-18p7mi9-MuiStack-root"
            >
              <div
                className="MuiStack-root css-1bcdyk0-MuiStack-root"
              >
                <div
                  className="MuiBox-root css-1pwnssa"
                  onClick={[Function]}
                />
                <div
                  className="MuiBox-root css-1gqrhl2"
                  onClick={[Function]}
                />
                <div
                  className="MuiBox-root css-1gqrhl2"
                  onClick={[Function]}
                />
              </div>
            </div>
          </div>
        </div>
      </div>
    </div>
  </section>,
]
`;

exports[`renders correctly standard light  1`] = `
[
  <style>
    
          .no-scrollbar {
            -ms-overflow-style: none;
            scrollbar-width: none;
          }

          .no-scrollbar::-webkit-scrollbar {
            display: none;
          }
        
  </style>,
  <section
    className="MuiBox-root css-14tikk5"
  >
    <div
      className="MuiContainer-root MuiContainer-maxWidthLg MuiContainer-disableGutters css-1p4tas-MuiContainer-root"
    >
      <div
        className="MuiGrid-root MuiGrid-container css-11lq3yg-MuiGrid-root"
      >
        <div
          className="MuiStack-root css-1nxt8ft-MuiStack-root"
        >
          <div
            className="MuiStack-root css-1ywhqi8-MuiStack-root"
          >
            <span
              className="MuiTypography-root MuiTypography-overline css-1hbyad5-MuiTypography-root"
            >
              PER I CITTADINI
            </span>
            <h4
              className="MuiTypography-root MuiTypography-h4 css-wz9of0-MuiTypography-root"
            >
              Non perderti più nessuna notifica
            </h4>
            <p
              className="MuiTypography-root MuiTypography-body2 css-1yr8029-MuiTypography-root"
            >
              Con Piattaforma Notifiche, ricevi e gestisci nello stesso spazio tutti gli atti di notifica che ti inviano Enti e Pubbliche Amministrazioni, come multe o certificati elettorali. E, grazie all’integrazione con pagoPA, puoi anche pagare eventuali costi. Così, risparmi tempo e denaro.
            </p>
          </div>
          <div
            className="MuiStack-root no-scrollbar css-1t2u4xv-MuiStack-root"
          >
            <div
              className="MuiBox-root css-6vwtel"
            >
              <span
                className="MuiTypography-root MuiTypography-sidenav css-qxdyk4-MuiTypography-root"
              >
                Lorem Ipsum dolo sit amet
              </span>
            </div>
            <div
              className="MuiStack-root css-orugj9-MuiStack-root"
            >
              <div
                className="MuiPaper-root MuiPaper-elevation MuiPaper-rounded MuiPaper-elevation16 MuiCard-root kpi-slide css-1sp12f3-MuiPaper-root-MuiCard-root"
                id="kpi-1"
              >
                <p
                  className="MuiTypography-root MuiTypography-body1 css-14gdbdq-MuiTypography-root"
                >
                  <svg
                    aria-hidden={true}
                    className="MuiSvgIcon-root MuiSvgIcon-fontSizeMedium css-i4bv87-MuiSvgIcon-root"
                    data-testid="AllInclusiveIcon"
                    focusable="false"
                    viewBox="0 0 24 24"
                  >
                    <path
                      d="M18.6 6.62c-1.44 0-2.8.56-3.77 1.53L12 10.66 10.48 12h.01L7.8 14.39c-.64.64-1.49.99-2.4.99-1.87 0-3.39-1.51-3.39-3.38S3.53 8.62 5.4 8.62c.91 0 1.76.35 2.44 1.03l1.13 1 1.51-1.34L9.22 8.2C8.2 7.18 6.84 6.62 5.4 6.62 2.42 6.62 0 9.04 0 12s2.42 5.38 5.4 5.38c1.44 0 2.8-.56 3.77-1.53l2.83-2.5.01.01L13.52 12h-.01l2.69-2.39c.64-.64 1.49-.99 2.4-.99 1.87 0 3.39 1.51 3.39 3.38s-1.52 3.38-3.39 3.38c-.9 0-1.76-.35-2.44-1.03l-1.14-1.01-1.51 1.34 1.27 1.12c1.02 1.01 2.37 1.57 3.82 1.57 2.98 0 5.4-2.41 5.4-5.38s-2.42-5.37-5.4-5.37z"
                    />
                  </svg>
                </p>
                <h4
                  className="MuiTypography-root MuiTypography-h4 css-1tg5hpw-MuiTypography-root"
                >
                  30000
                </h4>
                <span
                  className="MuiTypography-root MuiTypography-caption-semibold css-19re0ev-MuiTypography-root"
                >
                  strawberry fields
                </span>
              </div>
              <div
                className="MuiPaper-root MuiPaper-elevation MuiPaper-rounded MuiPaper-elevation16 MuiCard-root kpi-slide css-1sp12f3-MuiPaper-root-MuiCard-root"
                id="kpi-2"
              >
                <p
                  className="MuiTypography-root MuiTypography-body1 css-14gdbdq-MuiTypography-root"
                >
                  <svg
                    aria-hidden={true}
                    className="MuiSvgIcon-root MuiSvgIcon-fontSizeMedium css-i4bv87-MuiSvgIcon-root"
                    data-testid="HouseboatIcon"
                    focusable="false"
                    viewBox="0 0 24 24"
                  >
                    <path
                      d="M12 16c-1.95 0-2.1 1-3.34 1-1.19 0-1.42-1-3.33-1-1.95 0-2.09 1-3.33 1v2c1.9 0 2.17-1 3.35-1 1.19 0 1.42 1 3.33 1 1.95 0 2.08-1 3.32-1s1.37 1 3.32 1c1.91 0 2.14-1 3.33-1 1.18 0 1.45 1 3.35 1v-2c-1.24 0-1.38-1-3.33-1-1.91 0-2.14 1-3.33 1-1.24 0-1.39-1-3.34-1zm8.34-4.66-1.37 1.37c-.19.18-.45.29-.71.29H17V9.65l1.32.97L19.5 9 12 3.5 4.5 9l1.18 1.61L7 9.65V13H5.74c-.27 0-.52-.11-.71-.29l-1.37-1.37-1.41 1.41 1.37 1.37c.56.56 1.33.88 2.12.88h12.51c.8 0 1.56-.32 2.12-.88l1.37-1.37-1.4-1.41zM13 13h-2v-2h2v2z"
                    />
                  </svg>
                </p>
                <h4
                  className="MuiTypography-root MuiTypography-h4 css-1tg5hpw-MuiTypography-root"
                >
                  10
                </h4>
                <span
                  className="MuiTypography-root MuiTypography-caption-semibold css-19re0ev-MuiTypography-root"
                >
                  yellow submarines
                </span>
              </div>
              <div
                className="MuiPaper-root MuiPaper-elevation MuiPaper-rounded MuiPaper-elevation16 MuiCard-root kpi-slide css-1sp12f3-MuiPaper-root-MuiCard-root"
                id="kpi-3"
              >
                <p
                  className="MuiTypography-root MuiTypography-body1 css-14gdbdq-MuiTypography-root"
                >
                  <svg
                    aria-hidden={true}
                    className="MuiSvgIcon-root MuiSvgIcon-fontSizeMedium css-i4bv87-MuiSvgIcon-root"
                    data-testid="PieChartIcon"
                    focusable="false"
                    viewBox="0 0 24 24"
                  >
                    <path
                      d="M11 2v20c-5.07-.5-9-4.79-9-10s3.93-9.5 9-10zm2.03 0v8.99H22c-.47-4.74-4.24-8.52-8.97-8.99zm0 11.01V22c4.74-.47 8.5-4.25 8.97-8.99h-8.97z"
                    />
                  </svg>
                </p>
                <h4
                  className="MuiTypography-root MuiTypography-h4 css-1tg5hpw-MuiTypography-root"
                >
                  100
                </h4>
                <span
                  className="MuiTypography-root MuiTypography-caption-semibold css-19re0ev-MuiTypography-root"
                >
                  honey pies
                </span>
              </div>
            </div>
            <div
              className="MuiStack-root css-18p7mi9-MuiStack-root"
            >
              <div
                className="MuiStack-root css-1bcdyk0-MuiStack-root"
              >
                <div
                  className="MuiBox-root css-1pwnssa"
                  onClick={[Function]}
                />
                <div
                  className="MuiBox-root css-1gqrhl2"
                  onClick={[Function]}
                />
                <div
                  className="MuiBox-root css-1gqrhl2"
                  onClick={[Function]}
                />
              </div>
            </div>
          </div>
        </div>
      </div>
    </div>
  </section>,
]
`;
